CCS PCM C Compiler, Version 4.120, 11074               05-oct.-18 16:31

               Filename: C:\Users\Peter\Desktop\GitClass\P16F1823\Timer1\inttimer1.lst

               ROM used: 72 words (4%)
                         Largest free fragment is 1975
               RAM used: 9 (7%) at main() level
                         24 (19%) worst case
               Stack:    1 worst case (0 in main + 1 for interrupts)

*
0000:  MOVLP  00
0001:  GOTO   02C
0002:  NOP
*
0004:  CLRF   03
0005:  CLRF   0A
0006:  MOVLB  00
0007:  MOVF   20,W
0008:  MOVWF  24
0009:  MOVF   21,W
000A:  MOVWF  25
000B:  MOVF   22,W
000C:  MOVWF  26
000D:  MOVF   23,W
000E:  MOVWF  27
000F:  CLRF   05
0010:  MOVLW  91
0011:  MOVWF  04
0012:  BTFSS  00.0
0013:  GOTO   016
0014:  BTFSC  11.0
0015:  GOTO   01F
0016:  MOVF   24,W
0017:  MOVWF  20
0018:  MOVF   25,W
0019:  MOVWF  21
001A:  MOVF   26,W
001B:  MOVWF  22
001C:  MOVF   27,W
001D:  MOVWF  23
001E:  RETFIE
.................... #include <16f1823.h> 
.................... //////// Standard Header file for the PIC16F1823 device //////////////// 
.................... #device PIC16F1823 
.................... #list 
....................  
.................... #fuses NOWDT, PUT, NOMCLR 
.................... #use delay(int=32000000) 
.................... #INT_TIMER1 
.................... void timer() 
.................... { 
....................    
....................    output_toggle(pin_c0); 
001F:  MOVLB  01
0020:  BCF    0E.0
0021:  MOVLW  01
0022:  MOVLB  02
0023:  XORWF  0E,F
....................    SET_TIMER1(65534); 
0024:  MOVLW  FF
0025:  MOVLB  00
0026:  MOVWF  17
0027:  MOVLW  FE
0028:  MOVWF  16
.................... } 
....................  
0029:  BCF    11.0
002A:  MOVLP  00
002B:  GOTO   016
.................... void main() 
.................... { 
002C:  CLRF   05
002D:  CLRF   04
002E:  MOVLW  1F
002F:  ANDWF  03,F
0030:  MOVLW  F4
0031:  MOVLB  01
0032:  MOVWF  19
0033:  MOVLB  03
0034:  CLRF   0C
0035:  CLRF   0E
0036:  MOVLB  02
0037:  CLRF   12
0038:  CLRF   11
0039:  CLRF   14
003A:  CLRF   13
....................    enable_interrupts(INT_TIMER1); 
003B:  MOVLB  01
003C:  BSF    11.0
....................    enable_interrupts(GLOBAL); 
003D:  MOVLW  C0
003E:  IORWF  0B,F
....................    SETUP_TIMER_1(T1_INTERNAL|0x30); 
003F:  MOVLB  02
0040:  BCF    1D.3
0041:  MOVLW  35
0042:  MOVLB  00
0043:  MOVWF  18
0044:  CLRF   19
....................    SET_TIMER0(65534); 
0045:  MOVLW  FE
0046:  MOVWF  15
....................    while(1) 
....................    { 
....................    } 
0047:  GOTO   047
.................... } 
0048:  SLEEP

Configuration Fuses:
   Word  1: 3F84   INTRC_IO NOWDT PUT NOMCLR NOPROTECT NOCPD BROWNOUT NOCLKOUT IESO FCMEN
   Word  2: 1EFF   NOWRT PLL_SW STVREN BORV19 NODEBUG NOLVP
