CCS PCM C Compiler, Version 4.120, 11074               05-oct.-18 16:19

               Filename: C:\Users\Peter\Desktop\GitClass\P16F1823\E-SDigitales\Blink_Led.lst

               ROM used: 153 words (7%)
                         Largest free fragment is 1895
               RAM used: 6 (5%) at main() level
                         22 (17%) worst case
               Stack:    1 locations

*
0000:  MOVLP  00
0001:  GOTO   018
0002:  NOP
.................... #include <16f1823.h> 
.................... //////// Standard Header file for the PIC16F1823 device //////////////// 
.................... #device PIC16F1823 
.................... #list 
....................  
.................... #fuses  PUT, NOWDT 
....................  
.................... #use delay(int = 32Mhz) 
0003:  MOVLW  20
0004:  MOVWF  05
0005:  MOVLW  06
0006:  MOVWF  04
0007:  MOVF   00,W
0008:  BTFSC  03.2
0009:  GOTO   017
000A:  MOVLW  0A
000B:  MOVWF  21
000C:  CLRF   20
000D:  DECFSZ 20,F
000E:  GOTO   00D
000F:  DECFSZ 21,F
0010:  GOTO   00C
0011:  MOVLW  5F
0012:  MOVWF  20
0013:  DECFSZ 20,F
0014:  GOTO   013
0015:  DECFSZ 00,F
0016:  GOTO   00A
0017:  RETURN
.................... #BYTE trisa = 0x08c 
.................... #BYTE trisc = 0x08e 
.................... #BYTE porta = 0x00c 
.................... #BYTE portc = 0x00e 
....................  
.................... void main() 
.................... { 
0018:  CLRF   05
0019:  CLRF   04
001A:  MOVLW  1F
001B:  ANDWF  03,F
001C:  MOVLW  F4
001D:  MOVLB  01
001E:  MOVWF  19
001F:  MOVLB  03
0020:  CLRF   0C
0021:  CLRF   0E
0022:  MOVLB  02
0023:  CLRF   12
0024:  CLRF   11
0025:  CLRF   14
0026:  CLRF   13
.................... trisa = 0; 
0027:  MOVLB  01
0028:  CLRF   0C
.................... trisc = 0; 
0029:  CLRF   0E
....................    while(1) 
....................    {  portc = 0; 
002A:  MOVLB  00
002B:  CLRF   0E
....................       porta = 1; 
002C:  MOVLW  01
002D:  MOVWF  0C
....................       delay_ms(500); 
002E:  MOVLW  02
002F:  MOVWF  25
0030:  MOVLW  FA
0031:  MOVWF  26
0032:  CALL   003
0033:  DECFSZ 25,F
0034:  GOTO   030
....................       while(porta!=32) 
....................       { 
0035:  MOVF   0C,W
0036:  SUBLW  20
0037:  BTFSC  03.2
0038:  GOTO   04A
....................          if(porta==4) 
0039:  MOVF   0C,W
003A:  SUBLW  04
003B:  BTFSS  03.2
003C:  GOTO   040
....................          { 
....................          porta = 16; 
003D:  MOVLW  10
003E:  MOVWF  0C
....................          } 
....................          else 
003F:  GOTO   042
....................          { 
....................          porta <<= 1; 
0040:  BCF    03.0
0041:  RLF    0C,F
....................          } 
....................       delay_ms(500); 
0042:  MOVLW  02
0043:  MOVWF  25
0044:  MOVLW  FA
0045:  MOVWF  26
0046:  CALL   003
0047:  DECFSZ 25,F
0048:  GOTO   044
....................       } 
0049:  GOTO   035
....................  
....................       porta = 0; 
004A:  CLRF   0C
....................       portc = 1; 
004B:  MOVLW  01
004C:  MOVWF  0E
....................       delay_ms(500); 
004D:  MOVLW  02
004E:  MOVWF  25
004F:  MOVLW  FA
0050:  MOVWF  26
0051:  CALL   003
0052:  DECFSZ 25,F
0053:  GOTO   04F
....................       while(portc!=32) 
....................       { 
0054:  MOVF   0E,W
0055:  SUBLW  20
0056:  BTFSC  03.2
0057:  GOTO   062
....................         portc <<= 1; 
0058:  BCF    03.0
0059:  RLF    0E,F
....................         delay_ms(500); 
005A:  MOVLW  02
005B:  MOVWF  25
005C:  MOVLW  FA
005D:  MOVWF  26
005E:  CALL   003
005F:  DECFSZ 25,F
0060:  GOTO   05C
....................       } 
0061:  GOTO   054
....................          porta = 0; 
0062:  CLRF   0C
....................    portc = 32; 
0063:  MOVLW  20
0064:  MOVWF  0E
....................    delay_ms(500); 
0065:  MOVLW  02
0066:  MOVWF  25
0067:  MOVLW  FA
0068:  MOVWF  26
0069:  CALL   003
006A:  DECFSZ 25,F
006B:  GOTO   067
....................       while(portc!=0) 
....................       { 
006C:  MOVF   0E,F
006D:  BTFSC  03.2
006E:  GOTO   079
....................         portc >>= 1; 
006F:  BCF    03.0
0070:  RRF    0E,F
....................         delay_ms(500); 
0071:  MOVLW  02
0072:  MOVWF  25
0073:  MOVLW  FA
0074:  MOVWF  26
0075:  CALL   003
0076:  DECFSZ 25,F
0077:  GOTO   073
....................       } 
0078:  GOTO   06C
....................     
....................       portc = 0; 
0079:  CLRF   0E
....................       porta = 32; 
007A:  MOVLW  20
007B:  MOVWF  0C
....................       delay_ms(500); 
007C:  MOVLW  02
007D:  MOVWF  25
007E:  MOVLW  FA
007F:  MOVWF  26
0080:  CALL   003
0081:  DECFSZ 25,F
0082:  GOTO   07E
....................       while(porta!=0) 
....................       { 
0083:  MOVF   0C,F
0084:  BTFSC  03.2
0085:  GOTO   097
....................          if(porta==16) 
0086:  MOVF   0C,W
0087:  SUBLW  10
0088:  BTFSS  03.2
0089:  GOTO   08D
....................          { 
....................          porta = 4; 
008A:  MOVLW  04
008B:  MOVWF  0C
....................          } 
....................          else{ 
008C:  GOTO   08F
....................          porta >>= 1; 
008D:  BCF    03.0
008E:  RRF    0C,F
....................          } 
....................         delay_ms(500); 
008F:  MOVLW  02
0090:  MOVWF  25
0091:  MOVLW  FA
0092:  MOVWF  26
0093:  CALL   003
0094:  DECFSZ 25,F
0095:  GOTO   091
....................       } 
0096:  GOTO   083
....................    } 
0097:  GOTO   02B
....................     
....................  
.................... } 
....................  
0098:  SLEEP

Configuration Fuses:
   Word  1: 3FC4   INTRC_IO NOWDT PUT MCLR NOPROTECT NOCPD BROWNOUT NOCLKOUT IESO FCMEN
   Word  2: 1EFF   NOWRT PLL_SW STVREN BORV19 NODEBUG NOLVP
