CCS PCM C Compiler, Version 4.120, 11074               22-sep.-18 09:59

               Filename: C:\Users\Peter\Desktop\GitClass\P16F1823\E-SDigitales\EntradaDigital.lst

               ROM used: 31 words (2%)
                         Largest free fragment is 2017
               RAM used: 6 (5%) at main() level
                         21 (16%) worst case
               Stack:    0 locations

*
0000:  MOVLP  00
0001:  GOTO   003
0002:  NOP
.................... #include <16f1823.h> 
.................... //////// Standard Header file for the PIC16F1823 device //////////////// 
.................... #device PIC16F1823 
.................... #list 
....................  
.................... #fuses PUT, NOWDT 
....................  
.................... #use delay(int = 32Mhz) 
.................... //declaracion de registros c de acuerdo a la datasheet 
....................  
.................... #Byte trisa = 0x08c 
.................... #byte trisc = 0x08e 
.................... #byte porta = 0x00c 
.................... #byte portc = 0x00e 
.................... void main() 
.................... { 
0003:  CLRF   05
0004:  CLRF   04
0005:  MOVLW  1F
0006:  ANDWF  03,F
0007:  MOVLW  F4
0008:  MOVLB  01
0009:  MOVWF  19
000A:  MOVLB  03
000B:  CLRF   0C
000C:  CLRF   0E
000D:  MOVLB  02
000E:  CLRF   12
000F:  CLRF   11
0010:  CLRF   14
0011:  CLRF   13
....................    trisa = 0;//todo el puerto A como salida 
0012:  MOVLB  01
0013:  CLRF   0C
....................    trisc = 1;//todo el puerto C como entrada 
0014:  MOVLW  01
0015:  MOVWF  0E
....................    porta=0; 
0016:  MOVLB  00
0017:  CLRF   0C
....................    while(true) 
....................    { 
....................       if(bit_test(portc,0)==1)//si el pin 0 esta encendido 
0018:  BTFSS  0E.0
0019:  GOTO   01C
....................       { 
....................          bit_set(porta,0);//en alto puerto A pin 0 
001A:  BSF    0C.0
....................       } 
....................       else 
001B:  GOTO   01D
....................       { 
....................          bit_clear(porta,0);//en bajo puerto A pin 0 
001C:  BCF    0C.0
....................       } 
....................    } 
001D:  GOTO   018
.................... } 
001E:  SLEEP

Configuration Fuses:
   Word  1: 3FC4   INTRC_IO NOWDT PUT MCLR NOPROTECT NOCPD BROWNOUT NOCLKOUT IESO FCMEN
   Word  2: 1EFF   NOWRT PLL_SW STVREN BORV19 NODEBUG NOLVP
