CCS PCM C Compiler, Version 4.120, 31882               06-oct.-18 09:53

               Filename: C:\Users\Public\Apoyos\DiseñoMecatrónico\PIC16F1823\E-SDigitales\PWM.lst

               ROM used: 51 words (2%)
                         Largest free fragment is 1997
               RAM used: 5 (4%) at main() level
                         20 (16%) worst case
               Stack:    0 locations

*
0000:  MOVLP  00
0001:  GOTO   003
0002:  NOP
.................... #include <16F1823.h> 
.................... //////// Standard Header file for the PIC16F1823 device //////////////// 
.................... #device PIC16F1823 
.................... #list 
....................  
.................... #fuses NOWDT, PUT, NOMCLR 
.................... #use delay (int = 32 MHz) 
....................  
.................... int main(void) { 
0003:  CLRF   05
0004:  CLRF   04
0005:  MOVLW  1F
0006:  ANDWF  03,F
0007:  MOVLW  F4
0008:  MOVLB  01
0009:  MOVWF  19
000A:  MOVLB  03
000B:  CLRF   0C
000C:  CLRF   0E
000D:  MOVLB  02
000E:  CLRF   12
000F:  CLRF   11
0010:  CLRF   14
0011:  CLRF   13
....................  
....................    SETUP_CCP1(CCP_PWM); 
0012:  BCF    1D.0
0013:  BCF    1D.1
0014:  MOVLB  01
0015:  BCF    0E.5
0016:  MOVLB  02
0017:  BCF    0E.5
0018:  MOVLW  0C
0019:  MOVLB  05
001A:  MOVWF  13
001B:  CLRF   14
001C:  CLRF   15
001D:  BCF    1E.0
001E:  BCF    1E.1
....................     
....................    SETUP_TIMER_2(6, 255, 1);     // (modo, periodo, postscaler) 
001F:  MOVLW  00
0020:  MOVLB  00
0021:  MOVWF  21
0022:  IORLW  06
0023:  MOVWF  1C
0024:  MOVLW  FF
0025:  MOVWF  1B
....................    SET_TIMER2(0);                // Valor de TMR2 
0026:  CLRF   1A
....................    SET_PWM1_DUTY(750);           // Ciclo de trabajo 
0027:  MOVLW  BB
0028:  MOVLB  05
0029:  MOVWF  11
002A:  MOVF   13,W
002B:  ANDLW  CF
002C:  IORLW  20
002D:  MOVWF  13
....................     
....................    for(;;) { 
....................        
....................    } 
002E:  GOTO   02E
....................  
....................    return 0; 
002F:  MOVLW  00
0030:  MOVLB  00
0031:  MOVWF  21
.................... } 
0032:  SLEEP

Configuration Fuses:
   Word  1: 3F84   INTRC_IO NOWDT PUT NOMCLR NOPROTECT NOCPD BROWNOUT NOCLKOUT IESO FCMEN
   Word  2: 1EFF   NOWRT PLL_SW STVREN BORV19 NODEBUG NOLVP
