CCS PCM C Compiler, Version 4.120, 31882               05-oct.-18 16:29

               Filename: C:\Users\Public\Apoyos\DiseñoMecatrónico\PIC16F1823\E-SDigitales\Timer1.lst

               ROM used: 80 words (4%)
                         Largest free fragment is 1967
               RAM used: 9 (7%) at main() level
                         24 (19%) worst case
               Stack:    1 worst case (0 in main + 1 for interrupts)

*
0000:  MOVLP  00
0001:  GOTO   02B
0002:  NOP
*
0004:  CLRF   03
0005:  CLRF   0A
0006:  MOVLB  00
0007:  MOVF   20,W
0008:  MOVWF  24
0009:  MOVF   21,W
000A:  MOVWF  25
000B:  MOVF   22,W
000C:  MOVWF  26
000D:  MOVF   23,W
000E:  MOVWF  27
000F:  CLRF   05
0010:  MOVLW  91
0011:  MOVWF  04
0012:  BTFSS  00.0
0013:  GOTO   016
0014:  BTFSC  11.0
0015:  GOTO   01F
0016:  MOVF   24,W
0017:  MOVWF  20
0018:  MOVF   25,W
0019:  MOVWF  21
001A:  MOVF   26,W
001B:  MOVWF  22
001C:  MOVF   27,W
001D:  MOVWF  23
001E:  RETFIE
.................... #INCLUDE <16F1823.H> 
.................... //////// Standard Header file for the PIC16F1823 device //////////////// 
.................... #device PIC16F1823 
.................... #list 
....................  
....................  
.................... #FUSES NOWDT, PUT, NOMCLR 
.................... #USE DELAY (int = 32MHz) 
....................  
.................... #INT_TIMER1 
.................... void timer1() { 
....................    output_toggle(pin_c0); 
001F:  MOVLB  01
0020:  BCF    0E.0
0021:  MOVLW  01
0022:  MOVLB  02
0023:  XORWF  0E,F
....................    SET_TIMER1(32768); //0 - 65536 
0024:  MOVLW  80
0025:  MOVLB  00
0026:  MOVWF  17
0027:  CLRF   16
.................... } 
.................... // Esta función escrita justo debajo de #FUSES se usará para la interrupción 
....................  
.................... /* 
....................    Hastag INTERRUPCION 
....................    type funcionAEjecutarCuandoInterrupcion() { 
....................    } 
.................... */ 
....................  
0028:  BCF    11.0
0029:  MOVLP  00
002A:  GOTO   016
.................... int main(void){ 
002B:  CLRF   05
002C:  CLRF   04
002D:  MOVLW  1F
002E:  ANDWF  03,F
002F:  MOVLW  F4
0030:  MOVLB  01
0031:  MOVWF  19
0032:  MOVLB  03
0033:  CLRF   0C
0034:  CLRF   0E
0035:  MOVLB  02
0036:  CLRF   12
0037:  CLRF   11
0038:  CLRF   14
0039:  CLRF   13
....................    enable_interrupts(0x309101);  // Habilita un Timer específico 
003A:  MOVLB  01
003B:  BSF    11.0
....................    enable_interrupts(global);    // Habilita el vector de interrupciones 
003C:  MOVLW  C0
003D:  IORWF  0B,F
....................     
....................    SETUP_TIMER_1(0x05);    // INT (0x05) TEMPORIZADOR - EXT CONTADOR 
003E:  MOVLB  02
003F:  BCF    1D.3
0040:  MOVLW  05
0041:  MOVLB  00
0042:  MOVWF  18
0043:  CLRF   19
....................    SETUP_TIMER_1(0x05|0x30);  // Cambia valores de la fórmula de tiempo 
0044:  MOVLB  02
0045:  BCF    1D.3
0046:  MOVLW  35
0047:  MOVLB  00
0048:  MOVWF  18
0049:  CLRF   19
....................    SET_TIMER1(32768);                   // Cambia TMR1 dentro de la fórmula de tiempo 
004A:  MOVLW  80
004B:  MOVWF  17
004C:  CLRF   16
....................     
....................    for(;;){} 
004D:  GOTO   04D
....................  
....................    return (0); 
004E:  MOVLW  00
004F:  MOVWF  21
.................... } 
0050:  SLEEP

Configuration Fuses:
   Word  1: 3F84   INTRC_IO NOWDT PUT NOMCLR NOPROTECT NOCPD BROWNOUT NOCLKOUT IESO FCMEN
   Word  2: 1EFF   NOWRT PLL_SW STVREN BORV19 NODEBUG NOLVP
