CCS PCM C Compiler, Version 4.120, 31882               14-oct.-18 01:38

               Filename: C:\Users\Public\Apoyos\DiseñoMecatrónico\PIC16F1823\Tareas\Cronometro\Cronometro.lst

               ROM used: 19 words (1%)
                         Largest free fragment is 2029
               RAM used: 5 (4%) at main() level
                         20 (16%) worst case
               Stack:    0 locations

*
0000:  MOVLP  00
0001:  GOTO   003
0002:  NOP
.................... #INCLUDE <16f1823.h> 
.................... //////// Standard Header file for the PIC16F1823 device //////////////// 
.................... #device PIC16F1823 
.................... #list 
....................  
....................  
.................... #FUSES NOMCLR, PUT, NOWDT 
.................... #USE FAST_IO(A) 
.................... #USE FAST_IO(C) 
.................... #USE Delay(Clock = 32000000) 
....................  
.................... int main(void) { 
0003:  CLRF   05
0004:  CLRF   04
0005:  MOVLW  1F
0006:  ANDWF  03,F
0007:  MOVLB  03
0008:  CLRF   0C
0009:  CLRF   0E
000A:  MOVLB  02
000B:  CLRF   12
000C:  CLRF   11
000D:  CLRF   14
000E:  CLRF   13
....................    return 0; 
000F:  MOVLW  00
0010:  MOVLB  00
0011:  MOVWF  21
.................... } 
0012:  SLEEP

Configuration Fuses:
   Word  1: 3F87   ECH NOWDT PUT NOMCLR NOPROTECT NOCPD BROWNOUT NOCLKOUT IESO FCMEN
   Word  2: 1FFF   NOWRT PLL STVREN BORV19 NODEBUG NOLVP
