CCS PCM C Compiler, Version 4.120, 31882               05-oct.-18 22:56

               Filename: C:\Users\Public\Apoyos\DiseñoMecatrónico\PIC16F1823\Tareas\ControlMotores\ControlMotores.lst

               ROM used: 27 words (1%)
                         Largest free fragment is 2021
               RAM used: 5 (4%) at main() level
                         20 (16%) worst case
               Stack:    0 locations

*
0000:  MOVLP  00
0001:  GOTO   003
0002:  NOP
.................... #include <16f1823.h> 
.................... //////// Standard Header file for the PIC16F1823 device //////////////// 
.................... #device PIC16F1823 
.................... #list 
....................  
.................... #fuses PUT, NOWDT, NOMCLR 
....................  
.................... #use delay(int = 32 MHz) 
.................... #BYTE TrisA = 0x08c 
.................... #BYTE TrisC = 0x08e 
.................... #BYTE PortC = 0x00e 
....................  
.................... int main(void) { 
0003:  CLRF   05
0004:  CLRF   04
0005:  MOVLW  1F
0006:  ANDWF  03,F
0007:  MOVLW  F4
0008:  MOVLB  01
0009:  MOVWF  19
000A:  MOVLB  03
000B:  CLRF   0C
000C:  CLRF   0E
000D:  MOVLB  02
000E:  CLRF   12
000F:  CLRF   11
0010:  CLRF   14
0011:  CLRF   13
.................... // Se definen los puertos como entradas o salidas 
....................    TrisA = 0b111111; 
0012:  MOVLW  3F
0013:  MOVLB  01
0014:  MOVWF  0C
....................    TrisC = 0b000000; 
0015:  CLRF   0E
....................     
....................    PortC = 0b000000; 
0016:  MOVLB  00
0017:  CLRF   0E
....................     
....................    return (0); 
0018:  MOVLW  00
0019:  MOVWF  21
.................... } 
001A:  SLEEP

Configuration Fuses:
   Word  1: 3F84   INTRC_IO NOWDT PUT NOMCLR NOPROTECT NOCPD BROWNOUT NOCLKOUT IESO FCMEN
   Word  2: 1EFF   NOWRT PLL_SW STVREN BORV19 NODEBUG NOLVP
