CCS PCM C Compiler, Version 4.120, 11074               29-sep.-18 12:26

               Filename: C:\Users\Peter\Desktop\GitClass\P16F1823\Timer0\Timer0 Cont int.lst

               ROM used: 99 words (5%)
                         Largest free fragment is 1948
               RAM used: 11 (9%) at main() level
                         27 (21%) worst case
               Stack:    2 worst case (1 in main + 1 for interrupts)

*
0000:  MOVLP  00
0001:  GOTO   03D
0002:  NOP
*
0004:  CLRF   03
0005:  CLRF   0A
0006:  MOVLB  00
0007:  MOVF   20,W
0008:  MOVWF  24
0009:  MOVF   21,W
000A:  MOVWF  25
000B:  MOVF   22,W
000C:  MOVWF  26
000D:  MOVF   23,W
000E:  MOVWF  27
000F:  BTFSS  0B.5
0010:  GOTO   013
0011:  BTFSC  0B.2
0012:  GOTO   01C
0013:  MOVF   24,W
0014:  MOVWF  20
0015:  MOVF   25,W
0016:  MOVWF  21
0017:  MOVF   26,W
0018:  MOVWF  22
0019:  MOVF   27,W
001A:  MOVWF  23
001B:  RETFIE
.................... #include <16f1823.h> 
.................... //////// Standard Header file for the PIC16F1823 device //////////////// 
.................... #device PIC16F1823 
.................... #list 
....................  
.................... #fuses NOWDT, PUT, NOMCLR 
.................... #use delay(int=32000000) 
*
0027:  MOVLW  20
0028:  MOVWF  05
0029:  MOVLW  0A
002A:  MOVWF  04
002B:  MOVF   00,W
002C:  BTFSC  03.2
002D:  GOTO   03B
002E:  MOVLW  0A
002F:  MOVWF  21
0030:  CLRF   20
0031:  DECFSZ 20,F
0032:  GOTO   031
0033:  DECFSZ 21,F
0034:  GOTO   030
0035:  MOVLW  5F
0036:  MOVWF  20
0037:  DECFSZ 20,F
0038:  GOTO   037
0039:  DECFSZ 00,F
003A:  GOTO   02E
003B:  MOVLP  00
003C:  GOTO   062 (RETURN)
.................... int16 i = 0; 
.................... #INT_TIMER0 
.................... void timer() 
.................... { 
....................  
....................    output_toggle(pin_c2); 
*
001C:  MOVLB  01
001D:  BCF    0E.2
001E:  MOVLW  04
001F:  MOVLB  02
0020:  XORWF  0E,F
....................    SET_TIMER0(255); 
0021:  MOVLW  FF
0022:  MOVLB  00
0023:  MOVWF  15
....................  
.................... } 
....................  
0024:  BCF    0B.2
0025:  MOVLP  00
0026:  GOTO   013
.................... void main() 
.................... { 
*
003D:  CLRF   05
003E:  CLRF   04
003F:  MOVLW  1F
0040:  ANDWF  03,F
0041:  MOVLW  F4
0042:  MOVLB  01
0043:  MOVWF  19
0044:  MOVLB  00
0045:  CLRF   29
0046:  CLRF   28
0047:  MOVLB  03
0048:  CLRF   0C
0049:  CLRF   0E
004A:  MOVLB  02
004B:  CLRF   12
004C:  CLRF   11
004D:  CLRF   14
004E:  CLRF   13
....................    enable_interrupts(INT_TIMER0); 
004F:  BSF    0B.5
....................    enable_interrupts(GLOBAL); 
0050:  MOVLW  C0
0051:  IORWF  0B,F
....................    SETUP_TIMER_0(T0_EXT_L_TO_H|T0_DIV_1); 
0052:  MOVLB  01
0053:  MOVF   15,W
0054:  ANDLW  C7
0055:  IORLW  28
0056:  MOVWF  15
....................    SET_TIMER0(255); 
0057:  MOVLW  FF
0058:  MOVLB  00
0059:  MOVWF  15
....................    while(1) 
....................    { 
....................       output_toggle(pin_c0); 
005A:  MOVLB  01
005B:  BCF    0E.0
005C:  MOVLW  01
005D:  MOVLB  02
005E:  XORWF  0E,F
....................       delay_ms(1); 
005F:  MOVLB  00
0060:  MOVWF  2A
0061:  GOTO   027
....................    } 
0062:  GOTO   05A
.................... } 
0063:  SLEEP

Configuration Fuses:
   Word  1: 3F84   INTRC_IO NOWDT PUT NOMCLR NOPROTECT NOCPD BROWNOUT NOCLKOUT IESO FCMEN
   Word  2: 1EFF   NOWRT PLL_SW STVREN BORV19 NODEBUG NOLVP
