CCS PCM C Compiler, Version 4.120, 11074               29-sep.-18 11:03

               Filename: C:\Users\Peter\Desktop\GitClass\P16F1823\Timer0\Timer0 int.lst

               ROM used: 112 words (5%)
                         Largest free fragment is 1935
               RAM used: 11 (9%) at main() level
                         27 (21%) worst case
               Stack:    2 worst case (1 in main + 1 for interrupts)

*
0000:  MOVLP  00
0001:  GOTO   04A
0002:  NOP
*
0004:  CLRF   03
0005:  CLRF   0A
0006:  MOVLB  00
0007:  MOVF   20,W
0008:  MOVWF  24
0009:  MOVF   21,W
000A:  MOVWF  25
000B:  MOVF   22,W
000C:  MOVWF  26
000D:  MOVF   23,W
000E:  MOVWF  27
000F:  BTFSS  0B.5
0010:  GOTO   013
0011:  BTFSC  0B.2
0012:  GOTO   01C
0013:  MOVF   24,W
0014:  MOVWF  20
0015:  MOVF   25,W
0016:  MOVWF  21
0017:  MOVF   26,W
0018:  MOVWF  22
0019:  MOVF   27,W
001A:  MOVWF  23
001B:  RETFIE
.................... #include <16f1823.h> 
.................... //////// Standard Header file for the PIC16F1823 device //////////////// 
.................... #device PIC16F1823 
.................... #list 
....................  
.................... #fuses NOWDT, PUT, NOMCLR 
.................... #use delay(int=32000000) 
*
0034:  MOVLW  20
0035:  MOVWF  05
0036:  MOVLW  0A
0037:  MOVWF  04
0038:  MOVF   00,W
0039:  BTFSC  03.2
003A:  GOTO   048
003B:  MOVLW  0A
003C:  MOVWF  21
003D:  CLRF   20
003E:  DECFSZ 20,F
003F:  GOTO   03E
0040:  DECFSZ 21,F
0041:  GOTO   03D
0042:  MOVLW  5F
0043:  MOVWF  20
0044:  DECFSZ 20,F
0045:  GOTO   044
0046:  DECFSZ 00,F
0047:  GOTO   03B
0048:  MOVLP  00
0049:  GOTO   06F (RETURN)
.................... int16 i = 0; 
.................... #INT_TIMER0 
.................... void timer() 
.................... { 
....................    i++; 
*
001C:  INCF   28,F
001D:  BTFSC  03.2
001E:  INCF   29,F
....................    if(i==1000) 
001F:  MOVF   28,W
0020:  SUBLW  E8
0021:  BTFSS  03.2
0022:  GOTO   02F
0023:  MOVF   29,W
0024:  SUBLW  03
0025:  BTFSS  03.2
0026:  GOTO   02F
....................    { 
....................     
....................    output_toggle(pin_c1); 
0027:  MOVLB  01
0028:  BCF    0E.1
0029:  MOVLW  02
002A:  MOVLB  02
002B:  XORWF  0E,F
....................    i = 0; 
002C:  MOVLB  00
002D:  CLRF   29
002E:  CLRF   28
....................    } 
....................    SET_TIMER0(225); 
002F:  MOVLW  E1
0030:  MOVWF  15
.................... } 
....................  
0031:  BCF    0B.2
0032:  MOVLP  00
0033:  GOTO   013
.................... void main() 
.................... { 
*
004A:  CLRF   05
004B:  CLRF   04
004C:  MOVLW  1F
004D:  ANDWF  03,F
004E:  MOVLW  F4
004F:  MOVLB  01
0050:  MOVWF  19
0051:  MOVLB  00
0052:  CLRF   29
0053:  CLRF   28
0054:  MOVLB  03
0055:  CLRF   0C
0056:  CLRF   0E
0057:  MOVLB  02
0058:  CLRF   12
0059:  CLRF   11
005A:  CLRF   14
005B:  CLRF   13
....................    enable_interrupts(INT_TIMER0); 
005C:  BSF    0B.5
....................    enable_interrupts(GLOBAL); 
005D:  MOVLW  C0
005E:  IORWF  0B,F
....................    SETUP_TIMER_0(T0_INTERNAL|T0_DIV_256); 
005F:  MOVLB  01
0060:  MOVF   15,W
0061:  ANDLW  C0
0062:  IORLW  07
0063:  MOVWF  15
....................    SET_TIMER0(225); 
0064:  MOVLW  E1
0065:  MOVLB  00
0066:  MOVWF  15
....................    while(1) 
....................    { 
....................       output_toggle(pin_c0); 
0067:  MOVLB  01
0068:  BCF    0E.0
0069:  MOVLW  01
006A:  MOVLB  02
006B:  XORWF  0E,F
....................       delay_ms(1); 
006C:  MOVLB  00
006D:  MOVWF  2A
006E:  GOTO   034
....................    } 
006F:  GOTO   067
.................... } 
0070:  SLEEP

Configuration Fuses:
   Word  1: 3F84   INTRC_IO NOWDT PUT NOMCLR NOPROTECT NOCPD BROWNOUT NOCLKOUT IESO FCMEN
   Word  2: 1EFF   NOWRT PLL_SW STVREN BORV19 NODEBUG NOLVP
